[31m✗[39m Build failed in 681ms
[31merror during build:
[31mBuild failed with 1 error:

[plugin @tailwindcss/vite:generate:build] C:/Users/JAYACAHANDRAN/OneDrive/Desktop/magic frame/frontend/src/index.css
Error: Cannot apply unknown utility class `!important`
    at onInvalidCandidate (file:///C:/Users/JAYACAHANDRAN/OneDrive/Desktop/magic%20frame/frontend/node_modules/tailwindcss/dist/chunk-F4544Y4M.mjs:21:1511)
    at $e (file:///C:/Users/JAYACAHANDRAN/OneDrive/Desktop/magic%20frame/frontend/node_modules/tailwindcss/dist/chunk-F4544Y4M.mjs:16:36740)
    at file:///C:/Users/JAYACAHANDRAN/OneDrive/Desktop/magic%20frame/frontend/node_modules/tailwindcss/dist/chunk-F4544Y4M.mjs:21:355
    at Cr (file:///C:/Users/JAYACAHANDRAN/OneDrive/Desktop/magic%20frame/frontend/node_modules/tailwindcss/dist/chunk-F4544Y4M.mjs:3:1733)
    at _ (file:///C:/Users/JAYACAHANDRAN/OneDrive/Desktop/magic%20frame/frontend/node_modules/tailwindcss/dist/chunk-F4544Y4M.mjs:3:1377)
    at Ce (file:///C:/Users/JAYACAHANDRAN/OneDrive/Desktop/magic%20frame/frontend/node_modules/tailwindcss/dist/chunk-F4544Y4M.mjs:21:172)
    at Zi (file:///C:/Users/JAYACAHANDRAN/OneDrive/Desktop/magic%20frame/frontend/node_modules/tailwindcss/dist/chunk-F4544Y4M.mjs:38:294)
    at async ua (file:///C:/Users/JAYACAHANDRAN/OneDrive/Desktop/magic%20frame/frontend/node_modules/tailwindcss/dist/chunk-F4544Y4M.mjs:38:631)
    at async yf (file:///C:/Users/JAYACAHANDRAN/OneDrive/Desktop/magic%20frame/frontend/node_modules/tailwindcss/dist/chunk-F4544Y4M.mjs:38:1406)
    at async uu (file:///C:/Users/JAYACAHANDRAN/OneDrive/Desktop/magic%20frame/frontend/node_modules/@tailwindcss/node/dist/index.mjs:10:3457)[31m
    at aggregateBindingErrorsIntoJsError (file:///C:/Users/JAYACAHANDRAN/OneDrive/Desktop/magic%20frame/frontend/node_modules/rolldown/dist/shared/error-BLhcSyeg.mjs:48:18)
    at unwrapBindingResult (file:///C:/Users/JAYACAHANDRAN/OneDrive/Desktop/magic%20frame/frontend/node_modules/rolldown/dist/shared/error-BLhcSyeg.mjs:18:128)
    at #build (file:///C:/Users/JAYACAHANDRAN/OneDrive/Desktop/magic%20frame/frontend/node_modules/rolldown/dist/shared/rolldown-build-CPrIX9V6.mjs:3313:34)
    at async buildEnvironment (file:///C:/Users/JAYACAHANDRAN/OneDrive/Desktop/magic%20frame/frontend/node_modules/vite/dist/node/chunks/node.js:32849:64)
    at async Object.build (file:///C:/Users/JAYACAHANDRAN/OneDrive/Desktop/magic%20frame/frontend/node_modules/vite/dist/node/chunks/node.js:33271:19)
    at async Object.buildApp (file:///C:/Users/JAYACAHANDRAN/OneDrive/Desktop/magic%20frame/frontend/node_modules/vite/dist/node/chunks/node.js:33268:153)
    at async CAC.<anonymous> (file:///C:/Users/JAYACAHANDRAN/OneDrive/Desktop/magic%20frame/frontend/node_modules/vite/dist/node/cli.js:778:3) {
  errors: [Getter/Setter]
}[39m
